// Jest Snapshot v1, https://goo.gl/fbAQLP

exports[`Home container renders without crashing 1`] = `
<div>
  <h1>
    Home
  </h1>
  <div>
    <h2>
      Posts
    </h2>
    <ul />
  </div>
</div>
`;
